+---+---+---+---+---+---+---+---+---+---+---+---+---+---+---+---+
|   |                                                           |
+   +   +   +---+---+---+---+---+---+---+---+---+---+   +   +---+
|       |   |               |               |       |   |       |
+   +---+   +   +---+---+   +   +---+---+   +   +   +---+---+   +
|           |   |       |       |       |       |           |   |
+   +---+   +   +   +   +---+---+   +   +---+---+---+---+   +   +
|           |       |               |               |       |   |
+   +---+---+---+---+---+---+---+---+---+---+---+   +   +---+   +
|   |       |       |           |           |       |       |   |
+   +   +   +   +   +   +   +   +   +   +   +   +---+---+   +   +
|   |   |       |       |   |       |   |       |           |   |
+   +   +---+---+---+---+---+---+---+---+---+---+---+   +---+   +
|   |       |           |               |       |           |   |
+   +---+   +   +   +---+   +   +---+   +   +   +---+   +---+   +
|   |       |   |       |   |       |       |               |   |
+   +   +---+   +---+   +   +   +   +---+---+---+---+   +---+   +
|   |   |       |       |   |       |   |                   |   |
+   +   +   +---+   +---+   +---+---+   +   +   +---+---+---+   +
|   |       |           |                   |               |   |
+   +---+---+   +---+---+---+---+---+---+---+---+---+---+   +   +
|   |           |       |   |       |   |           |       |   |
+   +   +---+---+   +   +   +   +   +   +   +   +---+   +---+   +
|   |       |       |           |           |   |   |       |   |
+   +---+   +   +---+---+   +---+---+   +---+   +   +---+   +   +
|   |       |       |   |   |       |   |       |           |   |
+   +   +---+---+   +   +---+   +   +---+   +---+   +---+---+   +
|   |   |           |           |           |   |   |           |
+   +   +   +---+---+   +---+---+---+---+---+   +   +   +   +   +
|       |   |   |   |                               |   |   |   |
+   +---+   +   +   +---+---+---+---+---+---+---+---+---+---+   +
|   |                                                           |
+---+---+---+---+---+---+---+---+---+---+---+---+---+---+---+---+

[14,28,4,4,4,20,20,20,20,20,20,20,20,20,20,6,8,6,10,26,26,12,20,20,20,20,20,4,6,14,14,10,10,10,24,20,6,8,20,6,12,20,6,26,10,24,16,2,10,24,6,12,18,26,14,24,18,14,24,6,8,20,6,10,10,12,18,24,6,12,0,6,12,0,6,10,26,12,18,10,10,24,20,6,24,18,26,24,18,26,24,16,22,24,6,10,10,12,6,24,4,22,12,20,20,4,6,12,20,20,18,10,10,10,24,6,24,6,10,12,6,26,24,16,20,4,22,10,10,24,6,10,12,18,10,8,18,12,6,12,20,0,22,10,10,12,18,24,16,22,24,16,20,18,24,18,28,0,22,10,10,10,12,6,12,6,14,12,6,14,12,6,28,16,6,10,10,24,18,24,18,24,16,18,24,16,18,24,6,12,18,10,8,20,6,12,6,12,20,20,6,12,20,20,18,24,6,10,8,20,2,10,24,18,12,6,24,18,12,6,12,20,18,10,8,6,10,24,20,20,18,24,20,20,18,24,18,14,12,18,26,24,16,20,20,20,20,20,20,20,20,20,20,16,16,22]